// Jest Snapshot v1, https://goo.gl/fbAQLP

exports[`Pruebas al componente <GifGridItem /> Debe renderizar el componente correctamente <GifGridItem / 1`] = `
<div
  className="card animate__animated animate__fadeIn"
>
  <img
    alt="Buscando empleo"
    src="https://google.com"
  />
  <p>
    Buscando empleo
  </p>
</div>
`;
